// Jest Snapshot v1, https://goo.gl/fbAQLP

exports[`should render with default props 1`] = `
.c0 {
  display: -webkit-box;
  display: -webkit-flex;
  display: -ms-flexbox;
  display: flex;
  -webkit-flex-direction: column;
  -ms-flex-direction: column;
  flex-direction: column;
  -webkit-align-items: center;
  -webkit-box-align: center;
  -ms-flex-align: center;
  align-items: center;
  padding: 0 16px 0 0;
}

.c1 {
  font-weight: bold;
  font-size: 16px;
  margin: 0 0 8px 0;
}

.c2 {
  width: 60%;
  margin: 0 0 8px 0;
}

.c3 {
  color: #000000;
  font-weight: 600;
  margin-right: 8px;
  font-size: 14px;
}

.c4 {
  color: #727272;
  font-weight: 400;
  margin-right: 0;
  font-size: 14px;
}

@media (min-width:768px) {
  .c0 {
    padding: 0 16px 0 0;
  }
}

@media (min-width:768px) {
  .c1 {
    font-size: 18px;
  }
}

@media (min-width:768px) {
  .c2 {
    width: 75%;
  }
}

@media (min-width:768px) {
  .c3 {
    font-size: 16px;
  }
}

@media (min-width:768px) {
  .c4 {
    font-size: 16px;
  }
}

<div
  className="c0"
>
  <p
    className="c1"
  >
    Today
  </p>
  <img
    alt="Windy"
    className="c2"
    src="assets/icons/c01d.png"
  />
  <div>
    <p>
      <span
        className="c3"
      >
        22
        °
      </span>
      <span
        className="c4"
      >
        17
        °
      </span>
    </p>
  </div>
</div>
`;
